INFO  [alembic.runtime.migration] Context impl PostgresqlImpl.
INFO  [alembic.runtime.migration] Will assume transactional DDL.
INFO  [alembic.runtime.migration] Running upgrade f6067e98e5c7 -> bbc7f6f3b0ae, add_invitation_system_columns_v2
Traceback (most recent call last):
  File "C:\Users\blanx\OneDrive\Desktop\GRC main\backend\venv\Lib\site-packages\sqlalchemy\dialects\postgresql\asyncpg.py", line 550, in _prepare_and_execute
    self._rows = deque(await prepared_stmt.fetch(*parameters))
                       ^^^^^^^^^^^^^^^^^^^^^^^^^^^^^^^^^^^^^^
  File "C:\Users\blanx\OneDrive\Desktop\GRC main\backend\venv\Lib\site-packages\asyncpg\prepared_stmt.py", line 177, in fetch
    data = await self.__bind_execute(args, 0, timeout)
           ^^^^^^^^^^^^^^^^^^^^^^^^^^^^^^^^^^^^^^^^^^^
  File "C:\Users\blanx\OneDrive\Desktop\GRC main\backend\venv\Lib\site-packages\asyncpg\prepared_stmt.py", line 268, in __bind_execute
    data, status, _ = await self.__do_execute(
                      ^^^^^^^^^^^^^^^^^^^^^^^^
        lambda protocol: protocol.bind_execute(
        ^^^^^^^^^^^^^^^^^^^^^^^^^^^^^^^^^^^^^^^
            self._state, args, '', limit, True, timeout))
            ^^^^^^^^^^^^^^^^^^^^^^^^^^^^^^^^^^^^^^^^^^^^^
  File "C:\Users\blanx\OneDrive\Desktop\GRC main\backend\venv\Lib\site-packages\asyncpg\prepared_stmt.py", line 257, in __do_execute
    return await executor(protocol)
           ^^^^^^^^^^^^^^^^^^^^^^^^
  File "asyncpg/protocol/protocol.pyx", line 205, in bind_execute
asyncpg.exceptions.NotNullViolationError: column "invitation_status" of relation "users" contains null values

The above exception was the direct cause of the following exception:

Traceback (most recent call last):
  File "C:\Users\blanx\OneDrive\Desktop\GRC main\backend\venv\Lib\site-packages\sqlalchemy\engine\base.py", line 1967, in _exec_single_context
    self.dialect.do_execute(
    ~~~~~~~~~~~~~~~~~~~~~~~^
        cursor, str_statement, effective_parameters, context
        ^^^^^^^^^^^^^^^^^^^^^^^^^^^^^^^^^^^^^^^^^^^^^^^^^^^^
    )
    ^
  File "C:\Users\blanx\OneDrive\Desktop\GRC main\backend\venv\Lib\site-packages\sqlalchemy\engine\default.py", line 952, in do_execute
    cursor.execute(statement, parameters)
    ~~~~~~~~~~~~~~^^^^^^^^^^^^^^^^^^^^^^^
  File "C:\Users\blanx\OneDrive\Desktop\GRC main\backend\venv\Lib\site-packages\sqlalchemy\dialects\postgresql\asyncpg.py", line 585, in execute
    self._adapt_connection.await_(
    ~~~~~~~~~~~~~~~~~~~~~~~~~~~~~^
        self._prepare_and_execute(operation, parameters)
        ^^^^^^^^^^^^^^^^^^^^^^^^^^^^^^^^^^^^^^^^^^^^^^^^
    )
    ^
  File "C:\Users\blanx\OneDrive\Desktop\GRC main\backend\venv\Lib\site-packages\sqlalchemy\util\_concurrency_py3k.py", line 132, in await_only
    return current.parent.switch(awaitable)  # type: ignore[no-any-return,attr-defined] # noqa: E501
           ~~~~~~~~~~~~~~~~~~~~~^^^^^^^^^^^
  File "C:\Users\blanx\OneDrive\Desktop\GRC main\backend\venv\Lib\site-packages\sqlalchemy\util\_concurrency_py3k.py", line 196, in greenlet_spawn
    value = await result
            ^^^^^^^^^^^^
  File "C:\Users\blanx\OneDrive\Desktop\GRC main\backend\venv\Lib\site-packages\sqlalchemy\dialects\postgresql\asyncpg.py", line 563, in _prepare_and_execute
    self._handle_exception(error)
    ~~~~~~~~~~~~~~~~~~~~~~^^^^^^^
  File "C:\Users\blanx\OneDrive\Desktop\GRC main\backend\venv\Lib\site-packages\sqlalchemy\dialects\postgresql\asyncpg.py", line 513, in _handle_exception
    self._adapt_connection._handle_exception(error)
    ~~~~~~~~~~~~~~~~~~~~~~~~~~~~~~~~~~~~~~~~^^^^^^^
  File "C:\Users\blanx\OneDrive\Desktop\GRC main\backend\venv\Lib\site-packages\sqlalchemy\dialects\postgresql\asyncpg.py", line 797, in _handle_exception
    raise translated_error from error
sqlalchemy.dialects.postgresql.asyncpg.AsyncAdapt_asyncpg_dbapi.IntegrityError: <class 'asyncpg.exceptions.NotNullViolationError'>: column "invitation_status" of relation "users" contains null values

The above exception was the direct cause of the following exception:

Traceback (most recent call last):
  File "<frozen runpy>", line 198, in _run_module_as_main
  File "<frozen runpy>", line 88, in _run_code
  File "C:\Users\blanx\OneDrive\Desktop\GRC main\backend\venv\Scripts\alembic.exe\__main__.py", line 6, in <module>
    sys.exit(main())
             ~~~~^^
  File "C:\Users\blanx\OneDrive\Desktop\GRC main\backend\venv\Lib\site-packages\alembic\config.py", line 1047, in main
    CommandLine(prog=prog).main(argv=argv)
    ~~~~~~~~~~~~~~~~~~~~~~~~~~~^^^^^^^^^^^
  File "C:\Users\blanx\OneDrive\Desktop\GRC main\backend\venv\Lib\site-packages\alembic\config.py", line 1037, in main
    self.run_cmd(cfg, options)
    ~~~~~~~~~~~~^^^^^^^^^^^^^^
  File "C:\Users\blanx\OneDrive\Desktop\GRC main\backend\venv\Lib\site-packages\alembic\config.py", line 971, in run_cmd
    fn(
    ~~^
        config,
        ^^^^^^^
        *[getattr(options, k, None) for k in positional],
        ^^^^^^^^^^^^^^^^^^^^^^^^^^^^^^^^^^^^^^^^^^^^^^^^^
        **{k: getattr(options, k, None) for k in kwarg},
        ^^^^^^^^^^^^^^^^^^^^^^^^^^^^^^^^^^^^^^^^^^^^^^^^
    )
    ^
  File "C:\Users\blanx\OneDrive\Desktop\GRC main\backend\venv\Lib\site-packages\alembic\command.py", line 483, in upgrade
    script.run_env()
    ~~~~~~~~~~~~~~^^
  File "C:\Users\blanx\OneDrive\Desktop\GRC main\backend\venv\Lib\site-packages\alembic\script\base.py", line 545, in run_env
    util.load_python_file(self.dir, "env.py")
    ~~~~~~~~~~~~~~~~~~~~~^^^^^^^^^^^^^^^^^^^^
  File "C:\Users\blanx\OneDrive\Desktop\GRC main\backend\venv\Lib\site-packages\alembic\util\pyfiles.py", line 116, in load_python_file
    module = load_module_py(module_id, path)
  File "C:\Users\blanx\OneDrive\Desktop\GRC main\backend\venv\Lib\site-packages\alembic\util\pyfiles.py", line 136, in load_module_py
    spec.loader.exec_module(module)  # type: ignore
    ~~~~~~~~~~~~~~~~~~~~~~~^^^^^^^^
  File "<frozen importlib._bootstrap_external>", line 1026, in exec_module
  File "<frozen importlib._bootstrap>", line 488, in _call_with_frames_removed
  File "C:\Users\blanx\OneDrive\Desktop\GRC main\backend\alembic\env.py", line 84, in <module>
    asyncio.run(run_migrations_online())
    ~~~~~~~~~~~^^^^^^^^^^^^^^^^^^^^^^^^^
  File "C:\Program Files\Python313\Lib\asyncio\runners.py", line 195, in run
    return runner.run(main)
           ~~~~~~~~~~^^^^^^
  File "C:\Program Files\Python313\Lib\asyncio\runners.py", line 118, in run
    return self._loop.run_until_complete(task)
           ~~~~~~~~~~~~~~~~~~~~~~~~~~~~~^^^^^^
  File "C:\Program Files\Python313\Lib\asyncio\base_events.py", line 725, in run_until_complete
    return future.result()
           ~~~~~~~~~~~~~^^
  File "C:\Users\blanx\OneDrive\Desktop\GRC main\backend\alembic\env.py", line 76, in run_migrations_online
    await connection.run_sync(do_run_migrations)
  File "C:\Users\blanx\OneDrive\Desktop\GRC main\backend\venv\Lib\site-packages\sqlalchemy\ext\asyncio\engine.py", line 888, in run_sync
    return await greenlet_spawn(
           ^^^^^^^^^^^^^^^^^^^^^
        fn, self._proxied, *arg, _require_await=False, **kw
        ^^^^^^^^^^^^^^^^^^^^^^^^^^^^^^^^^^^^^^^^^^^^^^^^^^^
    )
    ^
  File "C:\Users\blanx\OneDrive\Desktop\GRC main\backend\venv\Lib\site-packages\sqlalchemy\util\_concurrency_py3k.py", line 203, in greenlet_spawn
    result = context.switch(value)
  File "C:\Users\blanx\OneDrive\Desktop\GRC main\backend\alembic\env.py", line 54, in do_run_migrations
    context.run_migrations()
    ~~~~~~~~~~~~~~~~~~~~~~^^
  File "<string>", line 8, in run_migrations
  File "C:\Users\blanx\OneDrive\Desktop\GRC main\backend\venv\Lib\site-packages\alembic\runtime\environment.py", line 969, in run_migrations
    self.get_context().run_migrations(**kw)
    ~~~~~~~~~~~~~~~~~~~~~~~~~~~~~~~~~^^^^^^
  File "C:\Users\blanx\OneDrive\Desktop\GRC main\backend\venv\Lib\site-packages\alembic\runtime\migration.py", line 626, in run_migrations
    step.migration_fn(**kw)
    ~~~~~~~~~~~~~~~~~^^^^^^
  File "C:\Users\blanx\OneDrive\Desktop\GRC main\backend\alembic\versions\bbc7f6f3b0ae_add_invitation_system_columns_v2.py", line 33, in upgrade
    op.add_column('users', sa.Column('invitation_status', sa.String(), nullable=False))
    ~~~~~~~~~~~~~^^^^^^^^^^^^^^^^^^^^^^^^^^^^^^^^^^^^^^^^^^^^^^^^^^^^^^^^^^^^^^^^^^^^^^
  File "<string>", line 8, in add_column
  File "<string>", line 3, in add_column
  File "C:\Users\blanx\OneDrive\Desktop\GRC main\backend\venv\Lib\site-packages\alembic\operations\ops.py", line 2258, in add_column
    return operations.invoke(op)
           ~~~~~~~~~~~~~~~~~^^^^
  File "C:\Users\blanx\OneDrive\Desktop\GRC main\backend\venv\Lib\site-packages\alembic\operations\base.py", line 452, in invoke
    return fn(self, operation)
  File "C:\Users\blanx\OneDrive\Desktop\GRC main\backend\venv\Lib\site-packages\alembic\operations\toimpl.py", line 182, in add_column
    operations.impl.add_column(
    ~~~~~~~~~~~~~~~~~~~~~~~~~~^
        table_name,
        ^^^^^^^^^^^
    ...<5 lines>...
        **kw,
        ^^^^^
    )
    ^
  File "C:\Users\blanx\OneDrive\Desktop\GRC main\backend\venv\Lib\site-packages\alembic\ddl\impl.py", line 392, in add_column
    self._exec(
    ~~~~~~~~~~^
        base.AddColumn(
        ^^^^^^^^^^^^^^^
    ...<6 lines>...
        )
        ^
    )
    ^
  File "C:\Users\blanx\OneDrive\Desktop\GRC main\backend\venv\Lib\site-packages\alembic\ddl\impl.py", line 256, in _exec
    return conn.execute(construct, params)
           ~~~~~~~~~~~~^^^^^^^^^^^^^^^^^^^
  File "C:\Users\blanx\OneDrive\Desktop\GRC main\backend\venv\Lib\site-packages\sqlalchemy\engine\base.py", line 1419, in execute
    return meth(
        self,
        distilled_parameters,
        execution_options or NO_OPTIONS,
    )
  File "C:\Users\blanx\OneDrive\Desktop\GRC main\backend\venv\Lib\site-packages\sqlalchemy\sql\ddl.py", line 187, in _execute_on_connection
    return connection._execute_ddl(
           ~~~~~~~~~~~~~~~~~~~~~~~^
        self, distilled_params, execution_options
        ^^^^^^^^^^^^^^^^^^^^^^^^^^^^^^^^^^^^^^^^^
    )
    ^
  File "C:\Users\blanx\OneDrive\Desktop\GRC main\backend\venv\Lib\site-packages\sqlalchemy\engine\base.py", line 1530, in _execute_ddl
    ret = self._execute_context(
        dialect,
    ...<4 lines>...
        compiled,
    )
  File "C:\Users\blanx\OneDrive\Desktop\GRC main\backend\venv\Lib\site-packages\sqlalchemy\engine\base.py", line 1846, in _execute_context
    return self._exec_single_context(
           ~~~~~~~~~~~~~~~~~~~~~~~~~^
        dialect, context, statement, parameters
        ^^^^^^^^^^^^^^^^^^^^^^^^^^^^^^^^^^^^^^^
    )
    ^
  File "C:\Users\blanx\OneDrive\Desktop\GRC main\backend\venv\Lib\site-packages\sqlalchemy\engine\base.py", line 1986, in _exec_single_context
    self._handle_dbapi_exception(
    ~~~~~~~~~~~~~~~~~~~~~~~~~~~~^
        e, str_statement, effective_parameters, cursor, context
        ^^^^^^^^^^^^^^^^^^^^^^^^^^^^^^^^^^^^^^^^^^^^^^^^^^^^^^^
    )
    ^
  File "C:\Users\blanx\OneDrive\Desktop\GRC main\backend\venv\Lib\site-packages\sqlalchemy\engine\base.py", line 2363, in _handle_dbapi_exception
    raise sqlalchemy_exception.with_traceback(exc_info[2]) from e
  File "C:\Users\blanx\OneDrive\Desktop\GRC main\backend\venv\Lib\site-packages\sqlalchemy\engine\base.py", line 1967, in _exec_single_context
    self.dialect.do_execute(
    ~~~~~~~~~~~~~~~~~~~~~~~^
        cursor, str_statement, effective_parameters, context
        ^^^^^^^^^^^^^^^^^^^^^^^^^^^^^^^^^^^^^^^^^^^^^^^^^^^^
    )
    ^
  File "C:\Users\blanx\OneDrive\Desktop\GRC main\backend\venv\Lib\site-packages\sqlalchemy\engine\default.py", line 952, in do_execute
    cursor.execute(statement, parameters)
    ~~~~~~~~~~~~~~^^^^^^^^^^^^^^^^^^^^^^^
  File "C:\Users\blanx\OneDrive\Desktop\GRC main\backend\venv\Lib\site-packages\sqlalchemy\dialects\postgresql\asyncpg.py", line 585, in execute
    self._adapt_connection.await_(
    ~~~~~~~~~~~~~~~~~~~~~~~~~~~~~^
        self._prepare_and_execute(operation, parameters)
        ^^^^^^^^^^^^^^^^^^^^^^^^^^^^^^^^^^^^^^^^^^^^^^^^
    )
    ^
  File "C:\Users\blanx\OneDrive\Desktop\GRC main\backend\venv\Lib\site-packages\sqlalchemy\util\_concurrency_py3k.py", line 132, in await_only
    return current.parent.switch(awaitable)  # type: ignore[no-any-return,attr-defined] # noqa: E501
           ~~~~~~~~~~~~~~~~~~~~~^^^^^^^^^^^
  File "C:\Users\blanx\OneDrive\Desktop\GRC main\backend\venv\Lib\site-packages\sqlalchemy\util\_concurrency_py3k.py", line 196, in greenlet_spawn
    value = await result
            ^^^^^^^^^^^^
  File "C:\Users\blanx\OneDrive\Desktop\GRC main\backend\venv\Lib\site-packages\sqlalchemy\dialects\postgresql\asyncpg.py", line 563, in _prepare_and_execute
    self._handle_exception(error)
    ~~~~~~~~~~~~~~~~~~~~~~^^^^^^^
  File "C:\Users\blanx\OneDrive\Desktop\GRC main\backend\venv\Lib\site-packages\sqlalchemy\dialects\postgresql\asyncpg.py", line 513, in _handle_exception
    self._adapt_connection._handle_exception(error)
    ~~~~~~~~~~~~~~~~~~~~~~~~~~~~~~~~~~~~~~~~^^^^^^^
  File "C:\Users\blanx\OneDrive\Desktop\GRC main\backend\venv\Lib\site-packages\sqlalchemy\dialects\postgresql\asyncpg.py", line 797, in _handle_exception
    raise translated_error from error
sqlalchemy.exc.IntegrityError: (sqlalchemy.dialects.postgresql.asyncpg.IntegrityError) <class 'asyncpg.exceptions.NotNullViolationError'>: column "invitation_status" of relation "users" contains null values
[SQL: ALTER TABLE users ADD COLUMN invitation_status VARCHAR NOT NULL]
(Background on this error at: https://sqlalche.me/e/20/gkpj)
