yarn run v1.22.22
$ next build
   Creating an optimized production build...
 ✓ Compiled successfully
   Linting and checking validity of types...

./src/app/dashboard/assets/page.tsx
6:52  Warning: 'CardDescription' is defined but never used.  @typescript-eslint/no-unused-vars
9:17  Warning: 'ShieldAlert' is defined but never used.  @typescript-eslint/no-unused-vars
9:82  Warning: 'Plus' is defined but never used.  @typescript-eslint/no-unused-vars
10:79  Warning: 'DialogTrigger' is defined but never used.  @typescript-eslint/no-unused-vars
14:15  Warning: 'Asset' is defined but never used.  @typescript-eslint/no-unused-vars
14:51  Warning: 'AssetClassification' is defined but never used.  @typescript-eslint/no-unused-vars
14:72  Warning: 'TicketActivity' is defined but never used.  @typescript-eslint/no-unused-vars
15:10  Warning: 'Ticket' is defined but never used.  @typescript-eslint/no-unused-vars
54:14  Warning: 'error' is defined but never used.  @typescript-eslint/no-unused-vars
66:14  Warning: 'error' is defined but never used.  @typescript-eslint/no-unused-vars
164:151  Warning: Unexpected any. Specify a different type.  @typescript-eslint/no-explicit-any

./src/app/dashboard/audit-preparation/page.tsx
9:10  Warning: 'ClipboardCheck' is defined but never used.  @typescript-eslint/no-unused-vars
9:71  Warning: 'AlertCircle' is defined but never used.  @typescript-eslint/no-unused-vars
52:14  Warning: 'error' is defined but never used.  @typescript-eslint/no-unused-vars
70:54  Warning: Unexpected any. Specify a different type.  @typescript-eslint/no-explicit-any
71:52  Warning: Unexpected any. Specify a different type.  @typescript-eslint/no-explicit-any
172:39  Warning: Unexpected any. Specify a different type.  @typescript-eslint/no-explicit-any

./src/app/dashboard/audits/page.tsx
6:10  Warning: 'AuditLog' is defined but never used.  @typescript-eslint/no-unused-vars

./src/app/dashboard/controls/page.tsx
6:10  Warning: 'Control' is defined but never used.  @typescript-eslint/no-unused-vars
175:158  Warning: Unexpected any. Specify a different type.  @typescript-eslint/no-explicit-any

./src/app/dashboard/controls/[id]/page.tsx
69:63  Warning: Unexpected any. Specify a different type.  @typescript-eslint/no-explicit-any
111:111  Warning: Unexpected any. Specify a different type.  @typescript-eslint/no-explicit-any

./src/app/dashboard/document-analysis/page.tsx
7:29  Warning: 'CardDescription' is defined but never used.  @typescript-eslint/no-unused-vars
7:46  Warning: 'CardHeader' is defined but never used.  @typescript-eslint/no-unused-vars
7:58  Warning: 'CardTitle' is defined but never used.  @typescript-eslint/no-unused-vars
10:18  Warning: 'Search' is defined but never used.  @typescript-eslint/no-unused-vars
26:7  Warning: Unexpected console statement.  no-console
115:72  Warning: Unexpected any. Specify a different type.  @typescript-eslint/no-explicit-any
129:68  Warning: Unexpected any. Specify a different type.  @typescript-eslint/no-explicit-any

./src/app/dashboard/iso27001/evidence/page.tsx
35:7  Warning: Unexpected console statement.  no-console

./src/app/dashboard/iso27001/page.tsx
5:10  Warning: 'Button' is defined but never used.  @typescript-eslint/no-unused-vars
10:3  Warning: 'Download' is defined but never used.  @typescript-eslint/no-unused-vars
29:9  Warning: 'role' is assigned a value but never used.  @typescript-eslint/no-unused-vars

./src/app/dashboard/layout.tsx
18:10  Warning: 'onboardingChecked' is assigned a value but never used.  @typescript-eslint/no-unused-vars

./src/app/dashboard/organization/page.tsx
6:69  Warning: 'CardFooter' is defined but never used.  @typescript-eslint/no-unused-vars
16:10  Warning: 'Organization' is defined but never used.  @typescript-eslint/no-unused-vars
22:44  Warning: Unexpected any. Specify a different type.  @typescript-eslint/no-explicit-any
46:14  Warning: 'error' is defined but never used.  @typescript-eslint/no-unused-vars

./src/app/dashboard/page.tsx
3:25  Warning: 'ComplianceItem' is defined but never used.  @typescript-eslint/no-unused-vars
3:41  Warning: 'Ticket' is defined but never used.  @typescript-eslint/no-unused-vars
10:53  Warning: 'Clock' is defined but never used.  @typescript-eslint/no-unused-vars
17:111  Warning: Unexpected any. Specify a different type.  @typescript-eslint/no-explicit-any
201:9  Warning: 'tickets' is assigned a value but never used.  @typescript-eslint/no-unused-vars

./src/app/dashboard/reports/page.tsx
116:51  Warning: 'format' is defined but never used.  @typescript-eslint/no-unused-vars
151:21  Warning: Unexpected any. Specify a different type.  @typescript-eslint/no-explicit-any
152:7  Warning: Unexpected console statement.  no-console
195:7  Warning: Unexpected console statement.  no-console

./src/app/dashboard/risks/page.tsx
6:10  Warning: 'Risk' is defined but never used.  @typescript-eslint/no-unused-vars

./src/app/dashboard/risks/[id]/page.tsx
24:56  Warning: Unexpected any. Specify a different type.  @typescript-eslint/no-explicit-any
138:44  Warning: Unexpected any. Specify a different type.  @typescript-eslint/no-explicit-any
199:53  Warning: Unexpected any. Specify a different type.  @typescript-eslint/no-explicit-any

./src/app/dashboard/tickets/page.tsx
6:10  Warning: 'RoleGuard' is defined but never used.  @typescript-eslint/no-unused-vars
7:10  Warning: 'TicketStatus' is defined but never used.  @typescript-eslint/no-unused-vars
7:24  Warning: 'TicketPriority' is defined but never used.  @typescript-eslint/no-unused-vars
7:40  Warning: 'TicketCategory' is defined but never used.  @typescript-eslint/no-unused-vars
7:66  Warning: 'TicketType' is defined but never used.  @typescript-eslint/no-unused-vars
11:10  Warning: 'Badge' is defined but never used.  @typescript-eslint/no-unused-vars
27:3  Warning: 'Plus' is defined but never used.  @typescript-eslint/no-unused-vars
29:3  Warning: 'XCircle' is defined but never used.  @typescript-eslint/no-unused-vars
35:42  Warning: 'refetch' is assigned a value but never used.  @typescript-eslint/no-unused-vars

./src/app/dashboard/users/page.tsx
76:23  Warning: Unexpected any. Specify a different type.  @typescript-eslint/no-explicit-any
88:23  Warning: Unexpected any. Specify a different type.  @typescript-eslint/no-explicit-any
178:68  Warning: Unexpected any. Specify a different type.  @typescript-eslint/no-explicit-any
178:128  Warning: Unexpected any. Specify a different type.  @typescript-eslint/no-explicit-any
242:51  Warning: Unexpected any. Specify a different type.  @typescript-eslint/no-explicit-any

./src/app/login/page.tsx
54:14  Warning: 'e' is defined but never used.  @typescript-eslint/no-unused-vars

./src/app/onboarding/page.tsx
107:19  Warning: Unexpected any. Specify a different type.  @typescript-eslint/no-explicit-any

./src/components/ErrorBoundary.tsx
32:5  Warning: Unexpected console statement.  no-console

./src/components/evidence/EvidenceDropzone.tsx
5:10  Warning: 'api' is defined but never used.  @typescript-eslint/no-unused-vars

./src/components/evidence/EvidenceList.tsx
77:5  Warning: 'relatedTo' is defined but never used.  @typescript-eslint/no-unused-vars
85:13  Warning: 'user' is assigned a value but never used.  @typescript-eslint/no-unused-vars
106:13  Warning: Unexpected console statement.  no-console
137:23  Warning: Unexpected any. Specify a different type.  @typescript-eslint/no-explicit-any

./src/components/evidence/EvidenceUploadDialog.tsx
39:11  Warning: The 'controls' logical expression could make the dependencies of useMemo Hook (at line 46) change on every render. Move it inside the useMemo callback. Alternatively, wrap the initialization of 'controls' in its own useMemo() Hook.  react-hooks/exhaustive-deps

./src/components/settings/ThemeSelector.tsx
7:10  Warning: 'Button' is defined but never used.  @typescript-eslint/no-unused-vars
8:10  Warning: 'Card' is defined but never used.  @typescript-eslint/no-unused-vars
8:16  Warning: 'CardContent' is defined but never used.  @typescript-eslint/no-unused-vars
11:10  Warning: 'cn' is defined but never used.  @typescript-eslint/no-unused-vars

./src/components/ui/calendar.tsx
57:25  Warning: 'props' is defined but never used.  @typescript-eslint/no-unused-vars
58:26  Warning: 'props' is defined but never used.  @typescript-eslint/no-unused-vars

./src/components/ui/chart.tsx
72:7  Warning: '_' is defined but never used.  @typescript-eslint/no-unused-vars

./src/context/AuthContext.tsx
47:42  Warning: Unexpected any. Specify a different type.  @typescript-eslint/no-explicit-any
62:9  Warning: Unexpected console statement.  no-console
66:11  Warning: Unexpected console statement.  no-console
69:11  Warning: Unexpected console statement.  no-console
85:13  Warning: Unexpected console statement.  no-console
91:33  Warning: Unexpected any. Specify a different type.  @typescript-eslint/no-explicit-any
105:13  Warning: Unexpected console statement.  no-console
108:11  Warning: Unexpected console statement.  no-console
112:9  Warning: Unexpected console statement.  no-console
127:9  Warning: Unexpected console statement.  no-console
135:11  Warning: Unexpected console statement.  no-console
149:33  Warning: Unexpected any. Specify a different type.  @typescript-eslint/no-explicit-any
153:15  Warning: Unexpected console statement.  no-console
169:13  Warning: Unexpected console statement.  no-console
182:6  Warning: React Hook useEffect has a missing dependency: 'isLoading'. Either include it or remove the dependency array.  react-hooks/exhaustive-deps
191:11  Warning: Unexpected console statement.  no-console
200:30  Warning: Unexpected any. Specify a different type.  @typescript-eslint/no-explicit-any
215:11  Warning: Unexpected console statement.  no-console
223:6  Warning: React Hook useEffect has a missing dependency: 'user'. Either include it or remove the dependency array.  react-hooks/exhaustive-deps
238:9  Warning: Unexpected console statement.  no-console
257:21  Warning: Unexpected any. Specify a different type.  @typescript-eslint/no-explicit-any
258:7  Warning: Unexpected console statement.  no-console
267:7  Warning: Unexpected console statement.  no-console
279:9  Warning: Unexpected console statement.  no-console
283:7  Warning: Unexpected console statement.  no-console
285:21  Warning: Unexpected any. Specify a different type.  @typescript-eslint/no-explicit-any
286:7  Warning: Unexpected console statement.  no-console
304:7  Warning: Unexpected console statement.  no-console

./src/features/control/EditControlDialog.tsx
38:129  Warning: Unexpected any. Specify a different type.  @typescript-eslint/no-explicit-any
39:122  Warning: Unexpected any. Specify a different type.  @typescript-eslint/no-explicit-any
49:62  Warning: Unexpected any. Specify a different type.  @typescript-eslint/no-explicit-any
50:69  Warning: Unexpected any. Specify a different type.  @typescript-eslint/no-explicit-any
86:18  Warning: Unexpected any. Specify a different type.  @typescript-eslint/no-explicit-any

./src/features/control/NewControlDialog.tsx
89:18  Warning: Unexpected any. Specify a different type.  @typescript-eslint/no-explicit-any

./src/features/dashboard/NotificationPopover.tsx
17:54  Warning: Unexpected any. Specify a different type.  @typescript-eslint/no-explicit-any
31:7  Warning: Unexpected console statement.  no-console
40:6  Warning: React Hook useEffect has a missing dependency: 'loadData'. Either include it or remove the dependency array.  react-hooks/exhaustive-deps
58:14  Warning: 'error' is defined but never used.  @typescript-eslint/no-unused-vars

./src/features/iso27001/ComplianceScoring.tsx
7:22  Warning: 'ISOControlStatus' is defined but never used.  @typescript-eslint/no-unused-vars
56:9  Warning: 'getBarColor' is assigned a value but never used.  @typescript-eslint/no-unused-vars

./src/features/iso27001/ISOControlDetail.tsx
17:39  Warning: 'User' is defined but never used.  @typescript-eslint/no-unused-vars
17:55  Warning: 'ShieldAlert' is defined but never used.  @typescript-eslint/no-unused-vars
42:6  Warning: React Hook useEffect has a missing dependency: 'loadControl'. Either include it or remove the dependency array.  react-hooks/exhaustive-deps
54:7  Warning: Unexpected console statement.  no-console
84:21  Warning: Unexpected any. Specify a different type.  @typescript-eslint/no-explicit-any

./src/features/iso27001/ISOControlList.tsx
23:26  Warning: 'ArrowUpDown' is defined but never used.  @typescript-eslint/no-unused-vars
31:11  Warning: 'user' is assigned a value but never used.  @typescript-eslint/no-unused-vars
47:7  Warning: Unexpected console statement.  no-console

./src/features/iso27001/ISOEvidenceManager.tsx
24:46  Warning: 'Eye' is defined but never used.  @typescript-eslint/no-unused-vars
29:10  Warning: 'format' is defined but never used.  @typescript-eslint/no-unused-vars
34:10  Warning: 'loading' is assigned a value but never used.  @typescript-eslint/no-unused-vars
46:6  Warning: React Hook useEffect has a missing dependency: 'loadEvidence'. Either include it or remove the dependency array.  react-hooks/exhaustive-deps
53:7  Warning: Unexpected console statement.  no-console
75:21  Warning: Unexpected any. Specify a different type.  @typescript-eslint/no-explicit-any
93:21  Warning: Unexpected any. Specify a different type.  @typescript-eslint/no-explicit-any

./src/features/iso27001/RiskMapping.tsx
4:20  Warning: 'useEffect' is defined but never used.  @typescript-eslint/no-unused-vars
15:10  Warning: 'X' is defined but never used.  @typescript-eslint/no-unused-vars
15:44  Warning: 'Plus' is defined but never used.  @typescript-eslint/no-unused-vars
21:10  Warning: 'Risk' is defined but never used.  @typescript-eslint/no-unused-vars
72:21  Warning: Unexpected any. Specify a different type.  @typescript-eslint/no-explicit-any

./src/features/risk/EditRiskDialog.tsx
99:18  Warning: Unexpected any. Specify a different type.  @typescript-eslint/no-explicit-any

./src/features/risk/MapControlDialog.tsx
145:123  Warning: Unexpected any. Specify a different type.  @typescript-eslint/no-explicit-any
148:124  Warning: Unexpected any. Specify a different type.  @typescript-eslint/no-explicit-any

./src/features/risk/NewRiskDialog.tsx
97:18  Warning: Unexpected any. Specify a different type.  @typescript-eslint/no-explicit-any
102:21  Warning: 'category_id' is assigned a value but never used.  @typescript-eslint/no-unused-vars

./src/features/risk/RiskList.tsx
15:10  Warning: 'AlertTriangle' is defined but never used.  @typescript-eslint/no-unused-vars

./src/features/tickets/TicketCard.tsx
141:70  Warning: Unexpected any. Specify a different type.  @typescript-eslint/no-explicit-any

./src/features/tickets/TicketDetail.tsx
16:18  Warning: 'TicketStatus' is defined but never used.  @typescript-eslint/no-unused-vars
16:32  Warning: 'TicketActivity' is defined but never used.  @typescript-eslint/no-unused-vars
67:34  Warning: Unexpected any. Specify a different type.  @typescript-eslint/no-explicit-any
86:14  Warning: 'error' is defined but never used.  @typescript-eslint/no-unused-vars
99:14  Warning: 'error' is defined but never used.  @typescript-eslint/no-unused-vars
118:14  Warning: 'error' is defined but never used.  @typescript-eslint/no-unused-vars
138:14  Warning: 'error' is defined but never used.  @typescript-eslint/no-unused-vars
198:72  Warning: Unexpected any. Specify a different type.  @typescript-eslint/no-explicit-any

./src/hooks/use-toast.ts
18:7  Warning: 'actionTypes' is assigned a value but only used as a type.  @typescript-eslint/no-unused-vars

./src/lib/api-client.ts
106:7  Warning: Unexpected console statement.  no-console

./src/lib/auth.ts
33:7  Warning: 'TOKEN_KEY' is assigned a value but never used.  @typescript-eslint/no-unused-vars
34:7  Warning: 'USER_KEY' is assigned a value but never used.  @typescript-eslint/no-unused-vars
43:35  Warning: Unexpected any. Specify a different type.  @typescript-eslint/no-explicit-any
47:30  Warning: Unexpected any. Specify a different type.  @typescript-eslint/no-explicit-any
117:5  Warning: Unexpected console statement.  no-console

./src/lib/data-service.ts
45:5  Warning: Unexpected console statement.  no-console
61:5  Warning: Unexpected console statement.  no-console
74:66  Warning: Unexpected any. Specify a different type.  @typescript-eslint/no-explicit-any
76:26  Warning: Unexpected any. Specify a different type.  @typescript-eslint/no-explicit-any
78:5  Warning: Unexpected console statement.  no-console
83:84  Warning: Unexpected any. Specify a different type.  @typescript-eslint/no-explicit-any
84:19  Warning: Unexpected any. Specify a different type.  @typescript-eslint/no-explicit-any
107:5  Warning: Unexpected console statement.  no-console
149:5  Warning: Unexpected console statement.  no-console
170:78  Warning: Unexpected any. Specify a different type.  @typescript-eslint/no-explicit-any
171:19  Warning: Unexpected any. Specify a different type.  @typescript-eslint/no-explicit-any
179:53  Warning: Unexpected any. Specify a different type.  @typescript-eslint/no-explicit-any
180:26  Warning: Unexpected any. Specify a different type.  @typescript-eslint/no-explicit-any
187:12  Warning: 'err' is defined but never used.  @typescript-eslint/no-unused-vars
197:58  Warning: Unexpected any. Specify a different type.  @typescript-eslint/no-explicit-any
198:18  Warning: Unexpected any. Specify a different type.  @typescript-eslint/no-explicit-any
201:45  Warning: Unexpected any. Specify a different type.  @typescript-eslint/no-explicit-any
203:26  Warning: Unexpected any. Specify a different type.  @typescript-eslint/no-explicit-any
205:5  Warning: Unexpected console statement.  no-console
218:13  Warning: Unexpected any. Specify a different type.  @typescript-eslint/no-explicit-any
219:19  Warning: Unexpected any. Specify a different type.  @typescript-eslint/no-explicit-any
232:13  Warning: Unexpected any. Specify a different type.  @typescript-eslint/no-explicit-any
233:19  Warning: Unexpected any. Specify a different type.  @typescript-eslint/no-explicit-any
240:13  Warning: Unexpected any. Specify a different type.  @typescript-eslint/no-explicit-any
241:19  Warning: Unexpected any. Specify a different type.  @typescript-eslint/no-explicit-any
244:58  Warning: Unexpected any. Specify a different type.  @typescript-eslint/no-explicit-any
246:26  Warning: Unexpected any. Specify a different type.  @typescript-eslint/no-explicit-any
252:65  Warning: Unexpected any. Specify a different type.  @typescript-eslint/no-explicit-any
282:81  Warning: Unexpected any. Specify a different type.  @typescript-eslint/no-explicit-any
283:19  Warning: Unexpected any. Specify a different type.  @typescript-eslint/no-explicit-any
291:67  Warning: Unexpected any. Specify a different type.  @typescript-eslint/no-explicit-any
292:26  Warning: Unexpected any. Specify a different type.  @typescript-eslint/no-explicit-any
302:49  Warning: 'fallbackFilename' is defined but never used.  @typescript-eslint/no-unused-vars

./src/lib/data-validation.ts
2:22  Warning: 'ISOEvidence' is defined but never used.  @typescript-eslint/no-unused-vars

./src/lib/iso-service.ts
223:41  Warning: 'userRole' is defined but never used.  @typescript-eslint/no-unused-vars

./src/lib/storage-service.ts
49:60  Warning: Unexpected any. Specify a different type.  @typescript-eslint/no-explicit-any
176:7  Warning: Unexpected console statement.  no-console
185:7  Warning: Unexpected console statement.  no-console
194:7  Warning: Unexpected console statement.  no-console
203:7  Warning: Unexpected console statement.  no-console
212:7  Warning: Unexpected console statement.  no-console
221:7  Warning: Unexpected console statement.  no-console
230:7  Warning: Unexpected console statement.  no-console
239:7  Warning: Unexpected console statement.  no-console
249:7  Warning: Unexpected console statement.  no-console
258:7  Warning: Unexpected console statement.  no-console
267:7  Warning: Unexpected console statement.  no-console

./src/lib/supabase.ts
8:3  Warning: Unexpected console statement.  no-console

./src/lib/token-storage.ts
11:35  Warning: Unexpected any. Specify a different type.  @typescript-eslint/no-explicit-any
16:30  Warning: Unexpected any. Specify a different type.  @typescript-eslint/no-explicit-any

./src/types/index.ts
212:15  Warning: Unexpected any. Specify a different type.  @typescript-eslint/no-explicit-any
213:15  Warning: Unexpected any. Specify a different type.  @typescript-eslint/no-explicit-any
345:25  Warning: Unexpected any. Specify a different type.  @typescript-eslint/no-explicit-any
346:21  Warning: Unexpected any. Specify a different type.  @typescript-eslint/no-explicit-any

./src/types/iso27001.ts
74:15  Warning: Unexpected any. Specify a different type.  @typescript-eslint/no-explicit-any
75:15  Warning: Unexpected any. Specify a different type.  @typescript-eslint/no-explicit-any

info  - Need to disable some ESLint rules? Learn more here: https://nextjs.org/docs/basic-features/eslint#disabling-rules
Failed to compile.

./src/components/evidence/EvidenceDropzone.tsx:95:42
Type error: Argument of type '{ status: "idle"; progress: number; }' is not assignable to parameter of type 'SetStateAction<UploadState>'.
  Object literal may only specify known properties, and 'progress' does not exist in type 'SetStateAction<UploadState>'.

[0m [90m 93 | [39m    [36mconst[39m handleClear [33m=[39m () [33m=>[39m {[0m
[0m [90m 94 | [39m        setSelectedFile([36mnull[39m)[33m;[39m[0m
[0m[31m[1m>[22m[39m[90m 95 | [39m        setUploadState({ status[33m:[39m [32m'idle'[39m[33m,[39m progress[33m:[39m [35m0[39m })[33m;[39m[0m
[0m [90m    | [39m                                         [31m[1m^[22m[39m[0m
[0m [90m 96 | [39m    }[33m;[39m[0m
[0m [90m 97 | [39m[0m
[0m [90m 98 | [39m    [90m// ── Render ──────────────────────────────────────────────[39m[0m
error Command failed with exit code 1.
info Visit https://yarnpkg.com/en/docs/cli/run for documentation about this command.
