src/app/dashboard/assets/page.tsx(154,38): error TS2322: Type 'string | undefined' is not assignable to type 'string'.
  Type 'undefined' is not assignable to type 'string'.
src/app/dashboard/assets/page.tsx(164,118): error TS2345: Argument of type 'Criticality | undefined' is not assignable to parameter of type 'Criticality'.
  Type 'undefined' is not assignable to type 'Criticality'.
src/app/dashboard/audits/page.tsx(165,37): error TS2769: No overload matches this call.
  Overload 1 of 4, '(value: string | number | Date): Date', gave the following error.
    Argument of type 'string | undefined' is not assignable to parameter of type 'string | number | Date'.
      Type 'undefined' is not assignable to type 'string | number | Date'.
  Overload 2 of 4, '(value: string | number): Date', gave the following error.
    Argument of type 'string | undefined' is not assignable to parameter of type 'string | number'.
      Type 'undefined' is not assignable to type 'string | number'.
src/app/dashboard/controls/[id]/page.tsx(100,63): error TS2345: Argument of type 'string | undefined' is not assignable to parameter of type 'string'.
  Type 'undefined' is not assignable to type 'string'.
src/app/dashboard/controls/[id]/page.tsx(101,34): error TS18048: 'control.status' is possibly 'undefined'.
src/app/dashboard/controls/[id]/page.tsx(123,81): error TS2769: No overload matches this call.
  Overload 1 of 4, '(value: string | number | Date): Date', gave the following error.
    Argument of type 'string | undefined' is not assignable to parameter of type 'string | number | Date'.
  Overload 2 of 4, '(value: string | number): Date', gave the following error.
    Argument of type 'string | undefined' is not assignable to parameter of type 'string | number'.
src/app/dashboard/controls/page.tsx(189,97): error TS2345: Argument of type 'string | undefined' is not assignable to parameter of type 'string'.
  Type 'undefined' is not assignable to type 'string'.
src/app/dashboard/controls/page.tsx(190,24): error TS18048: 'control.status' is possibly 'undefined'.
src/app/dashboard/risks/[id]/page.tsx(114,69): error TS2769: No overload matches this call.
  Overload 1 of 4, '(value: string | number | Date): Date', gave the following error.
    Argument of type 'string | undefined' is not assignable to parameter of type 'string | number | Date'.
  Overload 2 of 4, '(value: string | number): Date', gave the following error.
    Argument of type 'string | undefined' is not assignable to parameter of type 'string | number'.
src/app/dashboard/settings/page.tsx(86,72): error TS2339: Property 'department' does not exist on type 'UserProfile'.
src/features/control/EditControlDialog.tsx(40,50): error TS2345: Argument of type 'string | undefined' is not assignable to parameter of type 'string | (() => string)'.
  Type 'undefined' is not assignable to type 'string | (() => string)'.
src/features/control/EditControlDialog.tsx(51,23): error TS2345: Argument of type 'string | undefined' is not assignable to parameter of type 'SetStateAction<string>'.
  Type 'undefined' is not assignable to type 'SetStateAction<string>'.
src/features/control/EditControlDialog.tsx(64,14): error TS18048: 'description' is possibly 'undefined'.
src/features/control/EditControlDialog.tsx(66,20): error TS18048: 'description' is possibly 'undefined'.
src/features/control/EditControlDialog.tsx(82,30): error TS18048: 'description' is possibly 'undefined'.
src/features/control/EditControlDialog.tsx(141,75): error TS18048: 'description' is possibly 'undefined'.
src/features/iso27001/ISOControlDetail.tsx(76,61): error TS2345: Argument of type 'string | undefined' is not assignable to parameter of type 'string'.
  Type 'undefined' is not assignable to type 'string'.
src/features/risk/MapControlDialog.tsx(145,91): error TS2345: Argument of type 'string | undefined' is not assignable to parameter of type 'string'.
  Type 'undefined' is not assignable to type 'string'.
src/features/risk/MapControlDialog.tsx(148,93): error TS2345: Argument of type 'string | undefined' is not assignable to parameter of type 'string'.
  Type 'undefined' is not assignable to type 'string'.
src/lib/mock-data.ts(99,5): error TS2322: Type '{ id: string; email: string; fullName: string; role: "admin"; department: string; createdAt: string; updatedAt: string; }' is not assignable to type 'UserProfile'.
  Object literal may only specify known properties, and 'department' does not exist in type 'UserProfile'.
src/lib/mock-data.ts(108,5): error TS2322: Type '{ id: string; email: string; fullName: string; role: "analyst"; department: string; createdAt: string; updatedAt: string; }' is not assignable to type 'UserProfile'.
  Object literal may only specify known properties, and 'department' does not exist in type 'UserProfile'.
src/lib/mock-data.ts(117,5): error TS2322: Type '{ id: string; email: string; fullName: string; role: "department_manager"; department: string; createdAt: string; updatedAt: string; }' is not assignable to type 'UserProfile'.
  Object literal may only specify known properties, and 'department' does not exist in type 'UserProfile'.
src/lib/mock-data.ts(126,5): error TS2322: Type '{ id: string; email: string; fullName: string; role: "control_owner"; department: string; createdAt: string; updatedAt: string; }' is not assignable to type 'UserProfile'.
  Object literal may only specify known properties, and 'department' does not exist in type 'UserProfile'.
src/lib/mock-data.ts(135,5): error TS2322: Type '{ id: string; email: string; fullName: string; role: "risk_owner"; department: string; createdAt: string; updatedAt: string; }' is not assignable to type 'UserProfile'.
  Object literal may only specify known properties, and 'department' does not exist in type 'UserProfile'.
src/lib/mock-data.ts(144,5): error TS2322: Type '{ id: string; email: string; fullName: string; role: "compliance_officer"; department: string; createdAt: string; updatedAt: string; }' is not assignable to type 'UserProfile'.
  Object literal may only specify known properties, and 'department' does not exist in type 'UserProfile'.
src/lib/mock-data.ts(153,5): error TS2322: Type '{ id: string; email: string; fullName: string; role: "executive"; department: string; createdAt: string; updatedAt: string; }' is not assignable to type 'UserProfile'.
  Object literal may only specify known properties, and 'department' does not exist in type 'UserProfile'.
src/lib/mock-data.ts(162,5): error TS2322: Type '{ id: string; email: string; fullName: string; role: "auditor"; department: string; createdAt: string; updatedAt: string; }' is not assignable to type 'UserProfile'.
  Object literal may only specify known properties, and 'department' does not exist in type 'UserProfile'.
src/lib/mock-data.ts(190,5): error TS2322: Type '{ id: string; title: string; description: string; categoryId: string; category: RiskCategory; likelihood: 3; impact: 5; riskScore: number; status: string; ownerId: string; ownerName: string; createdBy: string; createdAt: string; updatedAt: string; }' is not assignable to type 'Risk'.
  Object literal may only specify known properties, and 'createdBy' does not exist in type 'Risk'.
src/lib/mock-data.ts(206,5): error TS2322: Type '{ id: string; title: string; description: string; categoryId: string; category: RiskCategory; likelihood: 2; impact: 4; riskScore: number; status: string; ownerId: string; ownerName: string; createdBy: string; createdAt: string; updatedAt: string; }' is not assignable to type 'Risk'.
  Object literal may only specify known properties, and 'createdBy' does not exist in type 'Risk'.
src/lib/mock-data.ts(222,5): error TS2322: Type '{ id: string; title: string; description: string; categoryId: string; category: RiskCategory; likelihood: 2; impact: 4; riskScore: number; status: string; ownerId: string; ownerName: string; createdBy: string; createdAt: string; updatedAt: string; }' is not assignable to type 'Risk'.
  Object literal may only specify known properties, and 'createdBy' does not exist in type 'Risk'.
src/lib/mock-data.ts(238,5): error TS2322: Type '{ id: string; title: string; description: string; categoryId: string; category: RiskCategory; likelihood: 3; impact: 3; riskScore: number; status: string; ownerId: string; ownerName: string; createdBy: string; createdAt: string; updatedAt: string; }' is not assignable to type 'Risk'.
  Object literal may only specify known properties, and 'createdBy' does not exist in type 'Risk'.
src/lib/mock-data.ts(254,5): error TS2322: Type '{ id: string; title: string; description: string; categoryId: string; category: RiskCategory; likelihood: 4; impact: 3; riskScore: number; status: string; ownerId: string; ownerName: string; createdBy: string; createdAt: string; updatedAt: string; }' is not assignable to type 'Risk'.
  Object literal may only specify known properties, and 'createdBy' does not exist in type 'Risk'.
src/lib/mock-data.ts(339,5): error TS2322: Type '{ id: string; framework: string; requirementId: string; title: string; description: string; status: string; priority: string; dueDate: string; ownerId: string; ownerName: string; createdAt: string; updatedAt: string; evidenceCount: number; }' is not assignable to type 'ComplianceItem'.
  Object literal may only specify known properties, and 'ownerName' does not exist in type 'ComplianceItem'.
src/lib/mock-data.ts(354,5): error TS2322: Type '{ id: string; framework: string; requirementId: string; title: string; description: string; status: string; priority: string; dueDate: string; ownerId: string; ownerName: string; createdAt: string; updatedAt: string; evidenceCount: number; }' is not assignable to type 'ComplianceItem'.
  Object literal may only specify known properties, and 'ownerName' does not exist in type 'ComplianceItem'.
src/lib/mock-data.ts(369,5): error TS2322: Type '{ id: string; framework: string; requirementId: string; title: string; description: string; status: string; priority: string; dueDate: string; ownerId: string; ownerName: string; createdAt: string; updatedAt: string; evidenceCount: number; }' is not assignable to type 'ComplianceItem'.
  Object literal may only specify known properties, and 'ownerName' does not exist in type 'ComplianceItem'.
src/lib/mock-data.ts(384,5): error TS2322: Type '{ id: string; framework: string; requirementId: string; title: string; description: string; status: string; priority: string; dueDate: string; ownerId: string; ownerName: string; createdAt: string; updatedAt: string; evidenceCount: number; }' is not assignable to type 'ComplianceItem'.
  Object literal may only specify known properties, and 'ownerName' does not exist in type 'ComplianceItem'.
src/lib/mock-data.ts(401,5): error TS2322: Type '{ id: string; title: string; description: string; fileUrl: string; fileName: string; fileType: string; fileSize: number; relatedTo: string; relatedId: string; relatedName: string; uploadedBy: string; ... 5 more ...; verifiedAt: string; }' is not assignable to type 'Evidence'.
  Object literal may only specify known properties, but 'relatedId' does not exist in type 'Evidence'. Did you mean to write 'related_id'?
src/lib/mock-data.ts(420,5): error TS2322: Type '{ id: string; title: string; description: string; fileUrl: string; fileName: string; fileType: string; fileSize: number; relatedTo: string; relatedId: string; relatedName: string; uploadedBy: string; ... 5 more ...; verifiedAt: string; }' is not assignable to type 'Evidence'.
  Object literal may only specify known properties, but 'relatedId' does not exist in type 'Evidence'. Did you mean to write 'related_id'?
src/lib/mock-data.ts(439,5): error TS2322: Type '{ id: string; userId: string; userName: string; action: string; entityType: string; entityId: string; entityName: string; timestamp: string; description: string; }' is not assignable to type 'AuditLog'.
  Object literal may only specify known properties, and 'entityId' does not exist in type 'AuditLog'.
src/lib/mock-data.ts(450,5): error TS2322: Type '{ id: string; userId: string; userName: string; action: string; entityType: string; entityId: string; entityName: string; oldValues: { status: string; riskScore: number; }; newValues: { status: string; riskScore: number; }; timestamp: string; description: string; }' is not assignable to type 'AuditLog'.
  Object literal may only specify known properties, and 'entityId' does not exist in type 'AuditLog'.
src/lib/mock-data.ts(463,5): error TS2322: Type '{ id: string; userId: string; userName: string; action: string; entityType: string; entityId: string; entityName: string; timestamp: string; description: string; }' is not assignable to type 'AuditLog'.
  Object literal may only specify known properties, and 'entityId' does not exist in type 'AuditLog'.
src/lib/mock-data.ts(471,3): error TS2739: Type '{ id: string; title: string; description: string; priority: string; status: string; category: string; sourceAuditLogId: string; assignedToId: string; assignedToName: string; assignedToRole: string; ... 17 more ...; comments: { ...; }[]; }' is missing the following properties from type 'Ticket': due_date, is_repeat_finding, is_auto_escalation_enabled, created_at, updated_at
src/lib/mock-data.ts(518,3): error TS2739: Type '{ id: string; title: string; description: string; priority: string; status: string; category: string; sourceAuditLogId: string; assignedToId: string; assignedToName: string; assignedToRole: string; ... 13 more ...; comments: { ...; }[]; }' is missing the following properties from type 'Ticket': due_date, is_repeat_finding, is_auto_escalation_enabled, created_at, updated_at
src/lib/mock-data.ts(553,3): error TS2739: Type '{ id: string; title: string; description: string; priority: string; status: string; category: string; sourceAuditLogId: string; assignedToId: string; assignedToName: string; assignedToRole: string; ... 14 more ...; comments: { ...; }[]; }' is missing the following properties from type 'Ticket': due_date, is_repeat_finding, is_auto_escalation_enabled, created_at, updated_at
src/lib/mock-data.ts(597,3): error TS2739: Type '{ id: string; title: string; description: string; priority: string; status: string; category: string; sourceAuditLogId: string; assignedToId: string; assignedToName: string; assignedToRole: string; ... 12 more ...; comments: { ...; }[]; }' is missing the following properties from type 'Ticket': due_date, is_repeat_finding, is_auto_escalation_enabled, created_at, updated_at
src/lib/mock-data.ts(631,3): error TS2739: Type '{ id: string; title: string; description: string; priority: string; status: string; category: string; sourceAuditLogId: string; assignedToId: string; assignedToName: string; assignedToRole: string; ... 17 more ...; comments: { ...; }[]; }' is missing the following properties from type 'Ticket': due_date, is_repeat_finding, is_auto_escalation_enabled, created_at, updated_at
src/lib/mock-data.ts(678,3): error TS2739: Type '{ id: string; title: string; description: string; priority: string; status: string; category: string; sourceAuditLogId: string; assignedToId: string; assignedToName: string; assignedToRole: string; ... 13 more ...; comments: { ...; }[]; }' is missing the following properties from type 'Ticket': due_date, is_repeat_finding, is_auto_escalation_enabled, created_at, updated_at
src/lib/mock-data.ts(713,3): error TS2739: Type '{ id: string; title: string; description: string; priority: string; status: string; category: string; sourceAuditLogId: string; assignedToId: string; assignedToName: string; assignedToRole: string; ... 11 more ...; comments: never[]; }' is missing the following properties from type 'Ticket': due_date, is_repeat_finding, is_auto_escalation_enabled, created_at, updated_at
src/lib/mock-data.ts(737,3): error TS2739: Type '{ id: string; title: string; description: string; priority: string; status: string; category: string; sourceAuditLogId: string; assignedToId: string; assignedToName: string; assignedToRole: string; ... 19 more ...; comments: { ...; }[]; }' is missing the following properties from type 'Ticket': due_date, is_repeat_finding, is_auto_escalation_enabled, created_at, updated_at
src/lib/risk-scoring.ts(77,7): error TS2322: Type 'number | undefined' is not assignable to type 'number'.
  Type 'undefined' is not assignable to type 'number'.
src/lib/risk-scoring.ts(78,28): error TS2345: Argument of type 'number | undefined' is not assignable to parameter of type 'number'.
  Type 'undefined' is not assignable to type 'number'.
src/lib/risk-scoring.ts(79,33): error TS2345: Argument of type 'number | undefined' is not assignable to parameter of type 'number'.
  Type 'undefined' is not assignable to type 'number'.
src/lib/risk-scoring.ts(80,27): error TS2345: Argument of type 'number | undefined' is not assignable to parameter of type 'number'.
  Type 'undefined' is not assignable to type 'number'.
src/lib/risk-scoring.ts(82,39): error TS2345: Argument of type 'number | undefined' is not assignable to parameter of type 'number'.
  Type 'undefined' is not assignable to type 'number'.
