2026-03-15 03:36:58,969 INFO sqlalchemy.engine.Engine select pg_catalog.version()
2026-03-15 03:36:58,969 INFO sqlalchemy.engine.Engine [raw sql] ()
2026-03-15 03:36:59,467 INFO sqlalchemy.engine.Engine select current_schema()
2026-03-15 03:36:59,467 INFO sqlalchemy.engine.Engine [raw sql] ()
2026-03-15 03:37:00,130 INFO sqlalchemy.engine.Engine show standard_conforming_strings
2026-03-15 03:37:00,130 INFO sqlalchemy.engine.Engine [raw sql] ()
2026-03-15 03:37:00,631 INFO sqlalchemy.engine.Engine BEGIN (implicit)
2026-03-15 03:37:00,761 INFO sqlalchemy.engine.Engine SELECT risk_categories.id, risk_categories.name, risk_categories.description, risk_categories.color 
FROM risk_categories 
WHERE risk_categories.name = $1::VARCHAR
2026-03-15 03:37:00,763 INFO sqlalchemy.engine.Engine [generated in 0.00276s] ('Operational',)
Updating ID for Operational
2026-03-15 03:37:01,272 INFO sqlalchemy.engine.Engine SELECT risk_categories.id, risk_categories.name, risk_categories.description, risk_categories.color 
FROM risk_categories 
WHERE risk_categories.name = $1::VARCHAR
2026-03-15 03:37:01,272 INFO sqlalchemy.engine.Engine [cached since 0.5113s ago] ('Financial',)
Updating ID for Financial
2026-03-15 03:37:01,440 INFO sqlalchemy.engine.Engine SELECT risk_categories.id, risk_categories.name, risk_categories.description, risk_categories.color 
FROM risk_categories 
WHERE risk_categories.name = $1::VARCHAR
2026-03-15 03:37:01,440 INFO sqlalchemy.engine.Engine [cached since 0.6794s ago] ('Compliance',)
Updating ID for Compliance
2026-03-15 03:37:01,609 INFO sqlalchemy.engine.Engine SELECT risk_categories.id, risk_categories.name, risk_categories.description, risk_categories.color 
FROM risk_categories 
WHERE risk_categories.name = $1::VARCHAR
2026-03-15 03:37:01,610 INFO sqlalchemy.engine.Engine [cached since 0.8492s ago] ('Strategic',)
Updating ID for Strategic
2026-03-15 03:37:01,776 INFO sqlalchemy.engine.Engine SELECT risk_categories.id, risk_categories.name, risk_categories.description, risk_categories.color 
FROM risk_categories 
WHERE risk_categories.name = $1::VARCHAR
2026-03-15 03:37:01,776 INFO sqlalchemy.engine.Engine [cached since 1.016s ago] ('Reputational',)
Updating ID for Reputational
2026-03-15 03:37:01,943 INFO sqlalchemy.engine.Engine SELECT risk_categories.id, risk_categories.name, risk_categories.description, risk_categories.color 
FROM risk_categories 
WHERE risk_categories.name = $1::VARCHAR
2026-03-15 03:37:01,943 INFO sqlalchemy.engine.Engine [cached since 1.183s ago] ('Technology',)
Updating ID for Technology
2026-03-15 03:37:02,118 INFO sqlalchemy.engine.Engine UPDATE risk_categories SET id=$1::UUID WHERE risk_categories.id = $2::UUID
2026-03-15 03:37:02,118 INFO sqlalchemy.engine.Engine [generated in 0.00049s] [(UUID('00000000-0000-0000-0000-000000000003'), UUID('565ee2d5-812f-4deb-8cdb-2892bc2f9bbb')), (UUID('00000000-0000-0000-0000-000000000001'), UUID('82e3bf70-89aa-4c52-8de6-a99dd5d44aff')), (UUID('00000000-0000-0000-0000-000000000002'), UUID('975b469d-463c-48e9-a57f-3184012287b8')), (UUID('00000000-0000-0000-0000-000000000004'), UUID('99fab2e7-f71e-4054-bad1-15faeb45c913')), (UUID('00000000-0000-0000-0000-000000000005'), UUID('e4847f03-4ae4-4ca2-a0fc-a19f79dad3cb')), (UUID('00000000-0000-0000-0000-000000000006'), UUID('f0696a09-976d-409e-905f-99936689d4ab'))]
2026-03-15 03:37:02,453 INFO sqlalchemy.engine.Engine ROLLBACK
Traceback (most recent call last):
  File "C:\Users\blanx\AppData\Roaming\Python\Python313\site-packages\sqlalchemy\dialects\postgresql\asyncpg.py", line 573, in _executemany
    return await self._connection.executemany(
           ^^^^^^^^^^^^^^^^^^^^^^^^^^^^^^^^^^^
        operation, seq_of_parameters
        ^^^^^^^^^^^^^^^^^^^^^^^^^^^^
    )
    ^
  File "C:\Users\blanx\AppData\Roaming\Python\Python313\site-packages\asyncpg\connection.py", line 401, in executemany
    return await self._executemany(command, args, timeout)
           ^^^^^^^^^^^^^^^^^^^^^^^^^^^^^^^^^^^^^^^^^^^^^^^
  File "C:\Users\blanx\AppData\Roaming\Python\Python313\site-packages\asyncpg\connection.py", line 1997, in _executemany
    result, _ = await self._do_execute(
                ^^^^^^^^^^^^^^^^^^^^^^^
        query, executor, timeout, record_class=record_class
        ^^^^^^^^^^^^^^^^^^^^^^^^^^^^^^^^^^^^^^^^^^^^^^^^^^^
    )
    ^
  File "C:\Users\blanx\AppData\Roaming\Python\Python313\site-packages\asyncpg\connection.py", line 2033, in _do_execute
    result = await executor(stmt, None)
             ^^^^^^^^^^^^^^^^^^^^^^^^^^
  File "asyncpg/protocol/protocol.pyx", line 266, in bind_execute_many
asyncpg.exceptions.ForeignKeyViolationError: update or delete on table "risk_categories" violates foreign key constraint "risks_category_id_fkey" on table "risks"
DETAIL:  Key (id)=(565ee2d5-812f-4deb-8cdb-2892bc2f9bbb) is still referenced from table "risks".

The above exception was the direct cause of the following exception:

Traceback (most recent call last):
  File "C:\Users\blanx\AppData\Roaming\Python\Python313\site-packages\sqlalchemy\engine\base.py", line 1936, in _exec_single_context
    self.dialect.do_executemany(
    ~~~~~~~~~~~~~~~~~~~~~~~~~~~^
        cursor,
        ^^^^^^^
    ...<2 lines>...
        context,
        ^^^^^^^^
    )
    ^
  File "C:\Users\blanx\AppData\Roaming\Python\Python313\site-packages\sqlalchemy\engine\default.py", line 948, in do_executemany
    cursor.executemany(statement, parameters)
    ~~~~~~~~~~~~~~~~~~^^^^^^^^^^^^^^^^^^^^^^^
  File "C:\Users\blanx\AppData\Roaming\Python\Python313\site-packages\sqlalchemy\dialects\postgresql\asyncpg.py", line 585, in executemany
    return self._adapt_connection.await_(
           ~~~~~~~~~~~~~~~~~~~~~~~~~~~~~^
        self._executemany(operation, seq_of_parameters)
        ^^^^^^^^^^^^^^^^^^^^^^^^^^^^^^^^^^^^^^^^^^^^^^^
    )
    ^
  File "C:\Users\blanx\AppData\Roaming\Python\Python313\site-packages\sqlalchemy\util\_concurrency_py3k.py", line 132, in await_only
    return current.parent.switch(awaitable)  # type: ignore[no-any-return,attr-defined] # noqa: E501
           ~~~~~~~~~~~~~~~~~~~~~^^^^^^^^^^^
  File "C:\Users\blanx\AppData\Roaming\Python\Python313\site-packages\sqlalchemy\util\_concurrency_py3k.py", line 196, in greenlet_spawn
    value = await result
            ^^^^^^^^^^^^
  File "C:\Users\blanx\AppData\Roaming\Python\Python313\site-packages\sqlalchemy\dialects\postgresql\asyncpg.py", line 577, in _executemany
    self._handle_exception(error)
    ~~~~~~~~~~~~~~~~~~~~~~^^^^^^^
  File "C:\Users\blanx\AppData\Roaming\Python\Python313\site-packages\sqlalchemy\dialects\postgresql\asyncpg.py", line 508, in _handle_exception
    self._adapt_connection._handle_exception(error)
    ~~~~~~~~~~~~~~~~~~~~~~~~~~~~~~~~~~~~~~~~^^^^^^^
  File "C:\Users\blanx\AppData\Roaming\Python\Python313\site-packages\sqlalchemy\dialects\postgresql\asyncpg.py", line 792, in _handle_exception
    raise translated_error from error
sqlalchemy.dialects.postgresql.asyncpg.AsyncAdapt_asyncpg_dbapi.IntegrityError: <class 'asyncpg.exceptions.ForeignKeyViolationError'>: update or delete on table "risk_categories" violates foreign key constraint "risks_category_id_fkey" on table "risks"
DETAIL:  Key (id)=(565ee2d5-812f-4deb-8cdb-2892bc2f9bbb) is still referenced from table "risks".

The above exception was the direct cause of the following exception:

Traceback (most recent call last):
  File "C:\Users\blanx\OneDrive\Desktop\GRC main\backend\seed_risk_cats.py", line 47, in <module>
    asyncio.run(seed())
    ~~~~~~~~~~~^^^^^^^^
  File "C:\Program Files\Python313\Lib\asyncio\runners.py", line 195, in run
    return runner.run(main)
           ~~~~~~~~~~^^^^^^
  File "C:\Program Files\Python313\Lib\asyncio\runners.py", line 118, in run
    return self._loop.run_until_complete(task)
           ~~~~~~~~~~~~~~~~~~~~~~~~~~~~~^^^^^^
  File "C:\Program Files\Python313\Lib\asyncio\base_events.py", line 725, in run_until_complete
    return future.result()
           ~~~~~~~~~~~~~^^
  File "C:\Users\blanx\OneDrive\Desktop\GRC main\backend\seed_risk_cats.py", line 43, in seed
    await db.commit()
  File "C:\Users\blanx\AppData\Roaming\Python\Python313\site-packages\sqlalchemy\ext\asyncio\session.py", line 1014, in commit
    await greenlet_spawn(self.sync_session.commit)
  File "C:\Users\blanx\AppData\Roaming\Python\Python313\site-packages\sqlalchemy\util\_concurrency_py3k.py", line 203, in greenlet_spawn
    result = context.switch(value)
  File "C:\Users\blanx\AppData\Roaming\Python\Python313\site-packages\sqlalchemy\orm\session.py", line 2032, in commit
    trans.commit(_to_root=True)
    ~~~~~~~~~~~~^^^^^^^^^^^^^^^
  File "<string>", line 2, in commit
  File "C:\Users\blanx\AppData\Roaming\Python\Python313\site-packages\sqlalchemy\orm\state_changes.py", line 137, in _go
    ret_value = fn(self, *arg, **kw)
  File "C:\Users\blanx\AppData\Roaming\Python\Python313\site-packages\sqlalchemy\orm\session.py", line 1313, in commit
    self._prepare_impl()
    ~~~~~~~~~~~~~~~~~~^^
  File "<string>", line 2, in _prepare_impl
  File "C:\Users\blanx\AppData\Roaming\Python\Python313\site-packages\sqlalchemy\orm\state_changes.py", line 137, in _go
    ret_value = fn(self, *arg, **kw)
  File "C:\Users\blanx\AppData\Roaming\Python\Python313\site-packages\sqlalchemy\orm\session.py", line 1288, in _prepare_impl
    self.session.flush()
    ~~~~~~~~~~~~~~~~~~^^
  File "C:\Users\blanx\AppData\Roaming\Python\Python313\site-packages\sqlalchemy\orm\session.py", line 4345, in flush
    self._flush(objects)
    ~~~~~~~~~~~^^^^^^^^^
  File "C:\Users\blanx\AppData\Roaming\Python\Python313\site-packages\sqlalchemy\orm\session.py", line 4480, in _flush
    with util.safe_reraise():
         ~~~~~~~~~~~~~~~~~^^
  File "C:\Users\blanx\AppData\Roaming\Python\Python313\site-packages\sqlalchemy\util\langhelpers.py", line 224, in __exit__
    raise exc_value.with_traceback(exc_tb)
  File "C:\Users\blanx\AppData\Roaming\Python\Python313\site-packages\sqlalchemy\orm\session.py", line 4441, in _flush
    flush_context.execute()
    ~~~~~~~~~~~~~~~~~~~~~^^
  File "C:\Users\blanx\AppData\Roaming\Python\Python313\site-packages\sqlalchemy\orm\unitofwork.py", line 466, in execute
    rec.execute(self)
    ~~~~~~~~~~~^^^^^^
  File "C:\Users\blanx\AppData\Roaming\Python\Python313\site-packages\sqlalchemy\orm\unitofwork.py", line 642, in execute
    util.preloaded.orm_persistence.save_obj(
    ~~~~~~~~~~~~~~~~~~~~~~~~~~~~~~~~~~~~~~~^
        self.mapper,
        ^^^^^^^^^^^^
        uow.states_for_mapper_hierarchy(self.mapper, False, False),
        ^^^^^^^^^^^^^^^^^^^^^^^^^^^^^^^^^^^^^^^^^^^^^^^^^^^^^^^^^^^
        uow,
        ^^^^
    )
    ^
  File "C:\Users\blanx\AppData\Roaming\Python\Python313\site-packages\sqlalchemy\orm\persistence.py", line 85, in save_obj
    _emit_update_statements(
    ~~~~~~~~~~~~~~~~~~~~~~~^
        base_mapper,
        ^^^^^^^^^^^^
    ...<3 lines>...
        update,
        ^^^^^^^
    )
    ^
  File "C:\Users\blanx\AppData\Roaming\Python\Python313\site-packages\sqlalchemy\orm\persistence.py", line 912, in _emit_update_statements
    c = connection.execute(
        statement, multiparams, execution_options=execution_options
    )
  File "C:\Users\blanx\AppData\Roaming\Python\Python313\site-packages\sqlalchemy\engine\base.py", line 1419, in execute
    return meth(
        self,
        distilled_parameters,
        execution_options or NO_OPTIONS,
    )
  File "C:\Users\blanx\AppData\Roaming\Python\Python313\site-packages\sqlalchemy\sql\elements.py", line 526, in _execute_on_connection
    return connection._execute_clauseelement(
           ~~~~~~~~~~~~~~~~~~~~~~~~~~~~~~~~~^
        self, distilled_params, execution_options
        ^^^^^^^^^^^^^^^^^^^^^^^^^^^^^^^^^^^^^^^^^
    )
    ^
  File "C:\Users\blanx\AppData\Roaming\Python\Python313\site-packages\sqlalchemy\engine\base.py", line 1641, in _execute_clauseelement
    ret = self._execute_context(
        dialect,
    ...<8 lines>...
        cache_hit=cache_hit,
    )
  File "C:\Users\blanx\AppData\Roaming\Python\Python313\site-packages\sqlalchemy\engine\base.py", line 1846, in _execute_context
    return self._exec_single_context(
           ~~~~~~~~~~~~~~~~~~~~~~~~~^
        dialect, context, statement, parameters
        ^^^^^^^^^^^^^^^^^^^^^^^^^^^^^^^^^^^^^^^
    )
    ^
  File "C:\Users\blanx\AppData\Roaming\Python\Python313\site-packages\sqlalchemy\engine\base.py", line 1986, in _exec_single_context
    self._handle_dbapi_exception(
    ~~~~~~~~~~~~~~~~~~~~~~~~~~~~^
        e, str_statement, effective_parameters, cursor, context
        ^^^^^^^^^^^^^^^^^^^^^^^^^^^^^^^^^^^^^^^^^^^^^^^^^^^^^^^
    )
    ^
  File "C:\Users\blanx\AppData\Roaming\Python\Python313\site-packages\sqlalchemy\engine\base.py", line 2355, in _handle_dbapi_exception
    raise sqlalchemy_exception.with_traceback(exc_info[2]) from e
  File "C:\Users\blanx\AppData\Roaming\Python\Python313\site-packages\sqlalchemy\engine\base.py", line 1936, in _exec_single_context
    self.dialect.do_executemany(
    ~~~~~~~~~~~~~~~~~~~~~~~~~~~^
        cursor,
        ^^^^^^^
    ...<2 lines>...
        context,
        ^^^^^^^^
    )
    ^
  File "C:\Users\blanx\AppData\Roaming\Python\Python313\site-packages\sqlalchemy\engine\default.py", line 948, in do_executemany
    cursor.executemany(statement, parameters)
    ~~~~~~~~~~~~~~~~~~^^^^^^^^^^^^^^^^^^^^^^^
  File "C:\Users\blanx\AppData\Roaming\Python\Python313\site-packages\sqlalchemy\dialects\postgresql\asyncpg.py", line 585, in executemany
    return self._adapt_connection.await_(
           ~~~~~~~~~~~~~~~~~~~~~~~~~~~~~^
        self._executemany(operation, seq_of_parameters)
        ^^^^^^^^^^^^^^^^^^^^^^^^^^^^^^^^^^^^^^^^^^^^^^^
    )
    ^
  File "C:\Users\blanx\AppData\Roaming\Python\Python313\site-packages\sqlalchemy\util\_concurrency_py3k.py", line 132, in await_only
    return current.parent.switch(awaitable)  # type: ignore[no-any-return,attr-defined] # noqa: E501
           ~~~~~~~~~~~~~~~~~~~~~^^^^^^^^^^^
  File "C:\Users\blanx\AppData\Roaming\Python\Python313\site-packages\sqlalchemy\util\_concurrency_py3k.py", line 196, in greenlet_spawn
    value = await result
            ^^^^^^^^^^^^
  File "C:\Users\blanx\AppData\Roaming\Python\Python313\site-packages\sqlalchemy\dialects\postgresql\asyncpg.py", line 577, in _executemany
    self._handle_exception(error)
    ~~~~~~~~~~~~~~~~~~~~~~^^^^^^^
  File "C:\Users\blanx\AppData\Roaming\Python\Python313\site-packages\sqlalchemy\dialects\postgresql\asyncpg.py", line 508, in _handle_exception
    self._adapt_connection._handle_exception(error)
    ~~~~~~~~~~~~~~~~~~~~~~~~~~~~~~~~~~~~~~~~^^^^^^^
  File "C:\Users\blanx\AppData\Roaming\Python\Python313\site-packages\sqlalchemy\dialects\postgresql\asyncpg.py", line 792, in _handle_exception
    raise translated_error from error
sqlalchemy.exc.IntegrityError: (sqlalchemy.dialects.postgresql.asyncpg.IntegrityError) <class 'asyncpg.exceptions.ForeignKeyViolationError'>: update or delete on table "risk_categories" violates foreign key constraint "risks_category_id_fkey" on table "risks"
DETAIL:  Key (id)=(565ee2d5-812f-4deb-8cdb-2892bc2f9bbb) is still referenced from table "risks".
[SQL: UPDATE risk_categories SET id=$1::UUID WHERE risk_categories.id = $2::UUID]
[parameters: [(UUID('00000000-0000-0000-0000-000000000003'), UUID('565ee2d5-812f-4deb-8cdb-2892bc2f9bbb')), (UUID('00000000-0000-0000-0000-000000000001'), UUID('82e3bf70-89aa-4c52-8de6-a99dd5d44aff')), (UUID('00000000-0000-0000-0000-000000000002'), UUID('975b469d-463c-48e9-a57f-3184012287b8')), (UUID('00000000-0000-0000-0000-000000000004'), UUID('99fab2e7-f71e-4054-bad1-15faeb45c913')), (UUID('00000000-0000-0000-0000-000000000005'), UUID('e4847f03-4ae4-4ca2-a0fc-a19f79dad3cb')), (UUID('00000000-0000-0000-0000-000000000006'), UUID('f0696a09-976d-409e-905f-99936689d4ab'))]]
(Background on this error at: https://sqlalche.me/e/20/gkpj)
